// Jest Snapshot v1, https://goo.gl/fbAQLP

exports[`App.test.js has the expected html structure 1`] = `
<div
  class="container"
  id="app"
>
  <ul>
    <li
      class="message"
      style="margin-top: 10px;"
    >
      
  Cat -- Paco

    </li>
  </ul>
</div>
`;
